// Jest Snapshot v1, https://goo.gl/fbAQLP

exports[`expect to render SocialNetworks component 1`] = `
<ScreenEgg>
  <ul
    className="list"
  >
    <li
      className="item"
      key="1"
    >
      <a
        className="link"
        href="https://github.com/sane4ek1994"
        rel="noreferrer"
        target="_blank"
      >
        <AiFillGithub
          color="black"
          size={50}
        />
      </a>
    </li>
    <li
      className="item"
      key="2"
    >
      <a
        className="link"
        href="https://www.youtube.com/"
        rel="noreferrer"
        target="_blank"
      >
        <AiFillYoutube
          color="black"
          size={50}
        />
      </a>
    </li>
    <li
      className="item"
      key="3"
    >
      <a
        className="link"
        href="https://www.twitter.com/"
        rel="noreferrer"
        target="_blank"
      >
        <AiFillTwitterCircle
          color="black"
          size={50}
        />
      </a>
    </li>
    <li
      className="item"
      key="4"
    >
      <a
        className="link"
        href="https://www.instagram.com/"
        rel="noreferrer"
        target="_blank"
      >
        <AiFillInstagram
          color="black"
          size={50}
        />
      </a>
    </li>
    <li
      className="item"
      key="5"
    >
      <a
        className="link"
        href="https://www.linkedin.com/"
        rel="noreferrer"
        target="_blank"
      >
        <AiFillLinkedin
          color="black"
          size={50}
        />
      </a>
    </li>
  </ul>
</ScreenEgg>
`;
